{
    "Should run without failures": {
        "content": [
            {
                "0": [
                    "corrolation.txt:md5,22050f6c629b68080ccb5c5a4fa015d2"
                ],
                "corrolation": [
                    "corrolation.txt:md5,22050f6c629b68080ccb5c5a4fa015d2"
                ]
            }
        ],
        "meta": {
            "nf-test": "0.8.4",
            "nextflow": "23.10.0"
        },
        "timestamp": "2024-03-06T12:16:15.784678248"
    }
}